// Jest Snapshot v1, https://goo.gl/fbAQLP

exports[`<Media> with no query list and no child function 1`] = `null`;

exports[`<Media> with no query list but single child function 1`] = `null`;

exports[`<Media> with query list and single child function 1`] = `null`;
